[2025-02-02 18:38:17] ERROR: User logged out
[2025-02-03 05:31:48] DEBUG: Service started successfully
[2025-02-03 06:41:26] DEBUG: Unexpected error occurred on server 61.64.58.244
